// Jest Snapshot v1, https://goo.gl/fbAQLP

exports[`The Homepage component renders correctly 1`] = `
<div>
  <img
    alt=""
    src="/img/mirror.svg"
  />
  <section
    class="sc-AxjAm iFRHBp"
  >
    <h1>
      Entdecken Sie Ihren Persönlichkeitsstil!
    </h1>
    <svg
      class="sc-AxirZ dPwCGt"
    >
      underline.svg
    </svg>
  </section>
  <ul
    class="sc-AxiKw fQjGqA"
  >
    <li>
      Lernen Sie sich selbst kennen, mit Ihren eigenen Stärken und Schwächen!
    </li>
    <li>
      Erhalten Sie wertvolle Tipps zum Umgang mit Ihren Mitmenschen, egal ob im Beruf oder in privaten Beziehungen!
    </li>
  </ul>
  <section
    class="sc-AxjAm iFRHBp"
  >
    <h2>
      Unser Versprechen
    </h2>
    <svg
      class="sc-AxirZ dPwCGt"
    >
      underline.svg
    </svg>
  </section>
  <ul>
    <li>
      <h3>
        Seriös
      </h3>
      <p>
        Der Test basiert auf neuesten Forschungsergebnissen der Psychologie.
      </p>
    </li>
    <li>
      <h3>
        Schnell
      </h3>
      <p>
        Es dauert nur ca. 10 Minuten.
      </p>
    </li>
    <li>
      <h3>
        Sicher
      </h3>
      <p>
        Wir übermitteln keine Daten von Ihnen. Ihre Privatsphäre ist absolut sicher.
      </p>
    </li>
  </ul>
  <a
    class="sc-AxhCb dJzzvf"
    href="/motives/intro"
  >
    <button
      class="Button__BtnStyled-sc-129yfz5-0 gDehLW"
    >
      Test starten
    </button>
  </a>
  <small>
    Hinweis: Dieser Test ersetzt keine psychologische Beratung. Lorem ipsum….
  </small>
</div>
`;
