// Jest Snapshot v1, https://goo.gl/fbAQLP

exports[`The Homepage component renders correctly 1`] = `
<div>
  <img
    alt=""
    src="/img/mirror.svg"
  />
  <img
    alt="Youlity"
    class="Homepage__Logo-ye7llx-0 eSIHUi"
    src="/img/logo.svg"
  />
  <section
    class="HeadlineUnderline__HeadlineContainer-sc-1reeb6v-0 eSchLu"
  >
    <h1>
      Discover Your Personality!
    </h1>
    <svg
      class="HeadlineUnderline__UnderlineStyled-sc-1reeb6v-1 hZOZZy"
    >
      underline.svg
    </svg>
  </section>
  <p>
    Youlity ist eine Plattform, die Ihnen hilft, Ihre eigene Persönlichkeit über sogenannte Persönlichkeitsstile besser zu verstehen.
  </p>
  <section
    class="Collapse__CollapseWrapper-sc-1tgbx39-0 imOYVX"
  >
    <div
      class="Collapse__CollapseHeader-sc-1tgbx39-1 hKtGZf"
    >
      Was sind Persönlichkeitsstile?
      <img
        class="Collapse__CollapseIcon-sc-1tgbx39-2 bFSuxH"
        src="/img/expand.svg"
      />
    </div>
    <div
      class="Collapse__CollapseContent-sc-1tgbx39-3 domdvA"
    >
      <p>
        Die Psychologie hat sich lange hauptsächlich mit Persönlichkeits-störungen beschäftigt. Doch auch gesunde Menschen haben ein Interesse daran, Ihre Persönlichkeit zu verstehen, und in bestimmten Situationen ihr Handeln zu verändern. Dazu dient unser Youlity-Persönlichkeitstest.
        <br />
         Im Gegensatz zu Tests wie z.B. „16 Personalities“, die jeden Menschen in starre Persönlichkeitstypen zwängen wollen, erkennen wir an, dass jeder Mensch individuell ist. Deshalb messen wir Übereinstimmungen zu einzelnen „Persönlichkeitsstilen“.
        <br />
        Persönlichkeitsstile sind Muster aus stabilen Merkmalen in Menschen, die sich aus der individuellen Lebensgeschichte ergeben. Youlity hilft Ihnen, ein differenziertes Modell Ihrer individuellen Persönlichkeit zu erstellen.
      </p>
    </div>
  </section>
  <div
    class="Card__CardBG-sc-1k8174e-0 bqDKbN"
  >
    <div
      class="sc-AxjAm kVoejJ"
    >
      <h3
        class="sc-AxirZ cFvmhJ"
      >
        Your
          
      </h3>
       
      <h3
        class="sc-AxiKw jrznZH"
      >
        Personality
      </h3>
    </div>
    <img
      alt=""
      class="Homepage__SmallImg-ye7llx-1 hZbgoy"
      src="/img/style_info.svg"
    />
    <h2>
      Der Youlity-Test
    </h2>
    <ul
      class="BulletList__ListContainer-sc-1r3lk85-0 FqDGi"
    >
      <li>
        Entdecken Sie Ihre individuellen Persönlichkeitsstile.
      </li>
      <li>
        Entwickeln Sie ein besseres Verständnis für sich selbst in zwischenmenschlichen Beziehungen.
      </li>
      <li>
        Profitieren Sie von speziell auf Sie zugeschnittenen Alltagstipps.
      </li>
    </ul>
    <a
      href="/motives/intro"
    >
      <button
        class="Button__BtnStyled-sc-129yfz5-0 czYdCq"
        width="100"
      >
        Test starten
      </button>
    </a>
  </div>
  <div
    class="Card__CardBG-sc-1k8174e-0 bqDKbN"
  >
    <div
      class="sc-AxjAm kVoejJ"
    >
      <h3
        class="sc-AxirZ cFvmhJ"
      >
        Your
          
      </h3>
       
      <h3
        class="sc-AxiKw jrznZH"
      >
        Reality
      </h3>
    </div>
    <img
      alt=""
      class="Homepage__SmallImg-ye7llx-1 hZbgoy"
      src="/img/journal.svg"
    />
    <h2>
      Das Youlity-Tagebuch
    </h2>
    <ul
      class="BulletList__ListContainer-sc-1r3lk85-0 FqDGi"
    >
      <li>
        Notieren Sie sich Situationen, in denen sich Ihre Persönlichkeit widerspiegelt.
      </li>
      <li>
        Übernehmen Sie die Kontrolle: Selbstbeobachtung ermöglicht Veränderung.
      </li>
      <li>
        Nutzen Sie das Tagebuch als Gesprächsstütze für Therapie-Termine.
      </li>
    </ul>
    <a
      href="/journal"
    >
      <button
        class="Button__BtnStyled-sc-129yfz5-0 czYdCq"
        width="100"
      >
        Tagebuch öffnen
      </button>
    </a>
  </div>
  <div
    class="sc-AxjAm kVoejJ"
  >
    <h3
      class="sc-AxirZ cFvmhJ"
    >
      Your
        
    </h3>
     
    <h3
      class="sc-AxiKw jrznZH"
    >
      Quality
    </h3>
  </div>
  <section
    class="HeadlineUnderline__HeadlineContainer-sc-1reeb6v-0 eSchLu"
  >
    <h2>
      Unser Versprechen
    </h2>
    <svg
      class="HeadlineUnderline__UnderlineStyled-sc-1reeb6v-1 hZOZZy"
    >
      underline.svg
    </svg>
  </section>
  <ul
    class="BulletList__ListContainer-sc-1r3lk85-0 kxqqwb"
  >
    <li>
      <h3>
        Seriös
      </h3>
      <p>
        Unser Angebot basiert auf neuesten Forschungsergebnissen der Psychologie.
      </p>
    </li>
    <li>
      <h3>
        Schnell
      </h3>
      <p>
        Der Test dauert nur ca. 5 Minuten.
      </p>
    </li>
    <li>
      <h3>
        Sicher
      </h3>
      <p>
        Wir übermitteln keine Daten von Ihnen. Ihre Privatsphäre ist absolut sicher.
      </p>
    </li>
  </ul>
  <small
    class="Homepage__FinePrint-ye7llx-2 ifgcrO"
  >
    Hinweis: Unser Angebot ersetzt keine psychologische Beratung. Wenn Sie unter psychischen Problemen leiden, suchen Sie sich bitte professionelle Hilfe.
  </small>
  <a
    class="FloatingButtonContainer__ButtonContainer-slkv4p-0 kGUNwE"
    href="/motives/intro"
  >
    <button
      class="Button__BtnStyled-sc-129yfz5-0 czYdCq"
      width="100"
    >
      Test starten
    </button>
  </a>
  <div
    class="FloatingButtonContainer__BottomSpacer-slkv4p-1 hgDFeh"
  />
</div>
`;
