// Jest Snapshot v1, https://goo.gl/fbAQLP

exports[`The questionnaire component renders correctly 1`] = `
<div>
  <h1>
    Fragebogen:
  </h1>
  <p>
    "
    der histrionische Persönlichkeitsstil
    "
  </p>
  <h3>
    Frage 
    1
     / 
    8
     
  </h3>
  <h2>
    Liegt Ihnen viel daran, dass Sie für andere Personen wichtig sind, dass Sie in deren Leben eine Rolle spielen?
  </h2>
  <button>
    (Eher) Nein
  </button>
  <button>
    (Eher) Ja
  </button>
</div>
`;
