// Jest Snapshot v1, https://goo.gl/fbAQLP

exports[`The questionnaire component renders correctly 1`] = `
<div>
  <h1>
    Fragebogen 
    1
     / 2
  </h1>
  <p>
    "
    der narzisstische Persönlichkeitsstil
    "
  </p>
  <h2>
    Frage 
    1
     / 
    8
  </h2>
  <h3>
    Brauchen Sie in hohem Maße Lob und Anerkennung?
  </h3>
  <button>
    (Eher) Nein
  </button>
  <button>
    (Eher) Ja
  </button>
</div>
`;
