// Jest Snapshot v1, https://goo.gl/fbAQLP

exports[`The QuestionnaireIntro component renders correctly 1`] = `
<div>
  <svg
    class="QuestionnaireIntro__IntroImgStyled-nv4k9j-0 BlqQH"
    title=""
  >
    questionnaire-intro.svg
  </svg>
  <section
    class="HeadlineUnderline__HeadlineContainer-sc-1reeb6v-1 tAJUt"
  >
    <div
      class="HeadlineUnderline__ChildContainer-sc-1reeb6v-0 cbzWsz"
    >
      <h1>
        Schritt 2: Fragebogen
      </h1>
    </div>
    <svg
      class="HeadlineUnderline__UnderlineStyled-sc-1reeb6v-2 dVDSEH"
    >
      underline.svg
    </svg>
  </section>
  <p>
    Im Folgenden präsentieren wir Ihnen als Ergebnis Ihrer Auswahl zwei Fragebögen. Diese sind auf Sie angepasst. Bitte beantworten Sie alle 16 Fragen. Sie helfen, Ihre zentralen Persönlichkeitsaspekte besser einzuschätzen. Alle Fragen sind Ja/Nein-Fragen. Die Bearbeitungszeit pro Fragebogen beträgt circa drei Minuten.
  </p>
  <a
    class="FloatingButtonContainer__ButtonContainer-slkv4p-0 hTXSTP"
    href="/questionnaire/entry/undefined/"
  >
    <button
      class="Button__BtnStyled-sc-129yfz5-0 jyIaa-D"
      width="100"
    >
      Weiter zur Auswahl
    </button>
  </a>
  <div
    class="FloatingButtonContainer__BottomSpacer-slkv4p-1 hgDFeh"
  />
</div>
`;
