// Jest Snapshot v1, https://goo.gl/fbAQLP

exports[`The questionnaire component renders correctly 1`] = `
<div>
  <img
    alt=""
    src="/img/questionnaire-intro.svg"
  />
  <section
    class="HeadlineUnderline__HeadlineContainer-sc-1reeb6v-0 jWFWIm"
  >
    <h1>
      Fragebogen 
      1
       / 2
    </h1>
    <svg
      class="HeadlineUnderline__UnderlineStyled-sc-1reeb6v-1 hZOZZy"
    >
      underline.svg
    </svg>
  </section>
  <h2>
    Frage 
    1
     / 
    8
  </h2>
  <h3>
    Brauchen Sie in hohem Maße Lob und Anerkennung?
  </h3>
  <section
    class="Questionnaire__ButtonRow-sc-13hxlgu-0 jArQLV"
  >
    <button
      class="Button__BtnStyled-sc-129yfz5-0 dhhzWY"
      width="47.5"
    >
      (Eher) Nein
    </button>
    <button
      class="Button__BtnStyled-sc-129yfz5-0 dhhzWY"
      width="47.5"
    >
      (Eher) Ja
    </button>
  </section>
</div>
`;
