// Jest Snapshot v1, https://goo.gl/fbAQLP

exports[`The Collapse component renders correctly 1`] = `
<div>
  <section
    class="Collapse__CollapseWrapper-sc-1tgbx39-0 imOYVX"
  >
    <div
      class="Collapse__CollapseHeader-sc-1tgbx39-1 hKtGZf"
    >
      test Headline
      <img
        alt="auf/zuklappen"
        class="Collapse__CollapseIcon-sc-1tgbx39-2 bFSuxH"
        src="/img/expand.svg"
      />
    </div>
    <div
      class="Collapse__CollapseContent-sc-1tgbx39-3 domdvA"
    >
      Collapse content lorem ipsum
    </div>
  </section>
</div>
`;
