// Jest Snapshot v1, https://goo.gl/fbAQLP

exports[`The Header component renders correctly 1`] = `
<div>
  <header
    class="Header__HeaderContainer-sc-15lxbtt-0 lkLVpF"
  >
    <button
      class="IconButton__ButtonContainer-sc-47n1yg-0 jCeVKT"
    >
      <svg
        title="zurück"
      >
        back.svg
      </svg>
    </button>
    <a
      href="/"
    >
      <svg
        title="Youlity logo"
      >
        logo.svg
      </svg>
    </a>
    <button
      class="IconButton__ButtonContainer-sc-47n1yg-0 jCeVKT"
    >
      <svg
        title="zur Homepage"
      >
        home.svg
      </svg>
    </button>
  </header>
</div>
`;
