// Jest Snapshot v1, https://goo.gl/fbAQLP

exports[`The MotivesIntro component renders correctly 1`] = `
<div>
  <img
    alt=""
    src="/img/motives-intro.svg"
  />
  <section
    class="HeadlineUnderline__HeadlineContainer-sc-1reeb6v-0 jWFWIm"
  >
    <h1>
      Schritt 1: Bedürfnisse
    </h1>
    <svg
      class="HeadlineUnderline__UnderlineStyled-sc-1reeb6v-1 hZOZZy"
    >
      underline.svg
    </svg>
  </section>
  <p>
    Leben heißt, in Beziehung zu gehen. Wie Menschen in Beziehung gehen, hängt stark von ihrer Persönlichkeit ab. Dabei spielen sechs Grundbedürfnisse eine zentrale Rolle. Welche Grundbedürfnisse für Menschen bedeutsam werden, entscheidet sich in ihrer Lebensgeschichte. Die Persönlichkeit jedes Menschen ist ein Ergebnis aus der Gewichtung dieser sechs Grundbedürfnisse.
    <br />
    Wählen Sie in Schritt 1 Ihre drei wichtigsten Grundbedürfnisse.
    <br />
    In Schritt 2 werden Ihnen als Ergebnis Ihrer Auswahl zwei auf Sie angepasste Fragebögen präsentiert.
    <br />
    Im Anschluss erhalten Sie Ihr Ergebnis und dazu passende Informationen.
  </p>
  <a
    class="FloatingButtonContainer__ButtonContainer-slkv4p-0 cLTvWp"
    href="/motives/selection"
  >
    <button
      class="Button__BtnStyled-sc-129yfz5-0 czYdCq"
      width="100"
    >
      Weiter zur Auswahl
    </button>
  </a>
  <div
    class="FloatingButtonContainer__BottomSpacer-slkv4p-1 hgDFeh"
  />
</div>
`;
