// Jest Snapshot v1, https://goo.gl/fbAQLP

exports[`The Motives component renders correctly 1`] = `
<div>
  <img
    alt=""
    src="/img/motives-intro.svg"
  />
  <section
    class="sc-AxheI cDQGzf"
  >
    <h1>
      Schritt 1: Bedürfnisse
    </h1>
    <svg
      class="sc-Axmtr ihTJXv"
    >
      underline.svg
    </svg>
  </section>
  <h2>
    Bitte wählen Sie die 3 Bedürfnisse aus, die Ihnen am wichtigsten sind.
  </h2>
  <ol>
    <li>
       
       
    </li>
    <li>
       
       
    </li>
    <li>
       
       
    </li>
  </ol>
  <section
    class="sc-AxhUy gfXgDx"
  >
    <div
      class="sc-AxhCb dCFeIV"
    >
      <button
        class="Button__BtnStyled-sc-129yfz5-0 hhwMUZ"
        width="100"
      >
        Anerkennung
      </button>
      <button
        class="Button__BtnStyled-sc-129yfz5-0 hhwMUZ sc-AxjAm fDpsBW"
        width="100"
      >
        i
      </button>
    </div>
    <div
      class="sc-AxhCb dCFeIV"
    >
      <button
        class="Button__BtnStyled-sc-129yfz5-0 hhwMUZ"
        width="100"
      >
        Wichtigkeit
      </button>
      <button
        class="Button__BtnStyled-sc-129yfz5-0 hhwMUZ sc-AxjAm fDpsBW"
        width="100"
      >
        i
      </button>
    </div>
    <div
      class="sc-AxhCb dCFeIV"
    >
      <button
        class="Button__BtnStyled-sc-129yfz5-0 hhwMUZ"
        width="100"
      >
        Solidarität
      </button>
      <button
        class="Button__BtnStyled-sc-129yfz5-0 hhwMUZ sc-AxjAm fDpsBW"
        width="100"
      >
        i
      </button>
    </div>
    <div
      class="sc-AxhCb dCFeIV"
    >
      <button
        class="Button__BtnStyled-sc-129yfz5-0 hhwMUZ"
        width="100"
      >
        Autonomie
      </button>
      <button
        class="Button__BtnStyled-sc-129yfz5-0 hhwMUZ sc-AxjAm fDpsBW"
        width="100"
      >
        i
      </button>
    </div>
    <div
      class="sc-AxhCb dCFeIV"
    >
      <button
        class="Button__BtnStyled-sc-129yfz5-0 hhwMUZ"
        width="100"
      >
        Grenzen
      </button>
      <button
        class="Button__BtnStyled-sc-129yfz5-0 hhwMUZ sc-AxjAm fDpsBW"
        width="100"
      >
        i
      </button>
    </div>
    <div
      class="sc-AxhCb dCFeIV"
    >
      <button
        class="Button__BtnStyled-sc-129yfz5-0 hhwMUZ"
        width="100"
      >
        Verlässlichkeit
      </button>
      <button
        class="Button__BtnStyled-sc-129yfz5-0 hhwMUZ sc-AxjAm fDpsBW"
        width="100"
      >
        i
      </button>
    </div>
  </section>
</div>
`;
