// Jest Snapshot v1, https://goo.gl/fbAQLP

exports[`The Motives component renders correctly 1`] = `
<div>
  <h1>
    Bedürfnisse
  </h1>
  <h2>
    Bitte wählen Sie die 3 Bedürfnisse aus, die Ihnen am wichtigsten sind. Fangen Sie mit dem wichtigsten an.
  </h2>
  <ol>
    <li>
       
       
    </li>
    <li>
       
       
    </li>
    <li>
       
       
    </li>
  </ol>
  <section
    class="sc-AxirZ jQdDrD"
  >
    <button
      class="sc-AxjAm exTVOo"
    >
      Anerkennung
    </button>
    <button
      class="sc-AxjAm exTVOo"
    >
      Wichtigkeit
    </button>
    <button
      class="sc-AxjAm exTVOo"
    >
      Verlässlichkeit
    </button>
    <button
      class="sc-AxjAm exTVOo"
    >
      Solidarität
    </button>
    <button
      class="sc-AxjAm exTVOo"
    >
      Autonomie
    </button>
    <button
      class="sc-AxjAm exTVOo"
    >
      Grenzen
    </button>
  </section>
</div>
`;
