// Jest Snapshot v1, https://goo.gl/fbAQLP

exports[`The Motives component renders correctly 1`] = `
<div>
  <img
    alt=""
    src="/img/motives-intro.svg"
  />
  <section
    class="HeadlineUnderline__HeadlineContainer-sc-1reeb6v-0 jWFWIm"
  >
    <h1>
      Schritt 1: Bedürfnisse
    </h1>
    <svg
      class="HeadlineUnderline__UnderlineStyled-sc-1reeb6v-1 hZOZZy"
    >
      underline.svg
    </svg>
  </section>
  <h2>
    Bitte wählen Sie die 3 Bedürfnisse aus, die Ihnen am wichtigsten sind.
  </h2>
  <ol>
    <li>
       
       
    </li>
    <li>
       
       
    </li>
    <li>
       
       
    </li>
  </ol>
  <section
    class="MotiveButtons__ButtonList-sc-1u7c2an-1 eovEIL"
  >
    <div
      class="MotiveButtons__ButtonPair-sc-1u7c2an-0 dHkxSL"
    >
      <button
        class="Button__BtnStyled-sc-129yfz5-0 hhwMUZ"
        width="100"
      >
        Anerkennung
      </button>
      <button
        class="Button__BtnStyled-sc-129yfz5-0 hhwMUZ InfoOverlay__InfoButton-sc-17974c-0 iUoTUO"
        width="100"
      >
        i
      </button>
    </div>
    <div
      class="MotiveButtons__ButtonPair-sc-1u7c2an-0 dHkxSL"
    >
      <button
        class="Button__BtnStyled-sc-129yfz5-0 hhwMUZ"
        width="100"
      >
        Wichtigkeit
      </button>
      <button
        class="Button__BtnStyled-sc-129yfz5-0 hhwMUZ InfoOverlay__InfoButton-sc-17974c-0 iUoTUO"
        width="100"
      >
        i
      </button>
    </div>
    <div
      class="MotiveButtons__ButtonPair-sc-1u7c2an-0 dHkxSL"
    >
      <button
        class="Button__BtnStyled-sc-129yfz5-0 hhwMUZ"
        width="100"
      >
        Solidarität
      </button>
      <button
        class="Button__BtnStyled-sc-129yfz5-0 hhwMUZ InfoOverlay__InfoButton-sc-17974c-0 iUoTUO"
        width="100"
      >
        i
      </button>
    </div>
    <div
      class="MotiveButtons__ButtonPair-sc-1u7c2an-0 dHkxSL"
    >
      <button
        class="Button__BtnStyled-sc-129yfz5-0 hhwMUZ"
        width="100"
      >
        Autonomie
      </button>
      <button
        class="Button__BtnStyled-sc-129yfz5-0 hhwMUZ InfoOverlay__InfoButton-sc-17974c-0 iUoTUO"
        width="100"
      >
        i
      </button>
    </div>
    <div
      class="MotiveButtons__ButtonPair-sc-1u7c2an-0 dHkxSL"
    >
      <button
        class="Button__BtnStyled-sc-129yfz5-0 hhwMUZ"
        width="100"
      >
        Grenzen
      </button>
      <button
        class="Button__BtnStyled-sc-129yfz5-0 hhwMUZ InfoOverlay__InfoButton-sc-17974c-0 iUoTUO"
        width="100"
      >
        i
      </button>
    </div>
    <div
      class="MotiveButtons__ButtonPair-sc-1u7c2an-0 dHkxSL"
    >
      <button
        class="Button__BtnStyled-sc-129yfz5-0 hhwMUZ"
        width="100"
      >
        Verlässlichkeit
      </button>
      <button
        class="Button__BtnStyled-sc-129yfz5-0 hhwMUZ InfoOverlay__InfoButton-sc-17974c-0 iUoTUO"
        width="100"
      >
        i
      </button>
    </div>
  </section>
</div>
`;
