// Jest Snapshot v1, https://goo.gl/fbAQLP

exports[`renders correctly 1`] = `
<div>
  <main>
    <img
      alt=""
      src="/img/mirror.svg"
    />
    <h1>
      Entdecken Sie Ihren Persönlichkeitsstil!
    </h1>
    <ul>
      <li>
        Lernen Sie sich selbst kennen, mit Ihren eigenen Stärken und Schwächen!
      </li>
      <li>
        Erhalten Sie wertvolle Tipps zum Umgang mit Ihren Mitmenschen, egal ob im Beruf oder in privaten Beziehungen!
      </li>
    </ul>
    <h2>
      Unser Versprechen
    </h2>
    <ul>
      <li>
        <h3>
          Seriös
        </h3>
        <p>
          Der Test basiert auf neuesten Forschungsergebnissen der Psychologie.
        </p>
      </li>
      <li>
         
        <h3>
          Schnell
        </h3>
        <p>
          Es dauert nur ca. 10 Minuten.
        </p>
      </li>
      <li>
        <h3>
          Sicher
        </h3>
        <p>
          Wir übermitteln keine Daten von Ihnen. Ihre Privatsphäre ist absolut sicher.
        </p>
      </li>
    </ul>
    <a
      href="/motives"
    >
      <button
        class="sc-AxjAm exTVOo"
      >
        Test starten
      </button>
    </a>
    <small>
      Hinweis: Dieser Test ersetzt keine psychologische Beratung. Lorem ipsum….
    </small>
  </main>
</div>
`;
