// Jest Snapshot v1, https://goo.gl/fbAQLP

exports[`renders correctly 1`] = `
<div>
  <main
    class="App__AppMain-sc-8vgfik-0 lyLVG"
  >
    <img
      alt=""
      src="/img/mirror.svg"
    />
    <section
      class="HeadlineUnderline__HeadlineContainer-sc-1reeb6v-0 jWFWIm"
    >
      <h1>
        Entdecken Sie Ihren Persönlichkeitsstil!
      </h1>
      <svg
        class="HeadlineUnderline__UnderlineStyled-sc-1reeb6v-1 hZOZZy"
      >
        underline.svg
      </svg>
    </section>
    <ul
      class="BulletList__ListContainer-sc-1r3lk85-0 FqDGi"
    >
      <li>
        Lernen Sie sich selbst kennen, mit Ihren eigenen Stärken und Schwächen!
      </li>
      <li>
        Erhalten Sie wertvolle Tipps zum Umgang mit Ihren Mitmenschen, egal ob im Beruf oder in privaten Beziehungen!
      </li>
    </ul>
    <section
      class="HeadlineUnderline__HeadlineContainer-sc-1reeb6v-0 jWFWIm"
    >
      <h2>
        Unser Versprechen
      </h2>
      <svg
        class="HeadlineUnderline__UnderlineStyled-sc-1reeb6v-1 hZOZZy"
      >
        underline.svg
      </svg>
    </section>
    <ul
      class="BulletList__ListContainer-sc-1r3lk85-0 kxqqwb"
    >
      <li>
        <h3>
          Seriös
        </h3>
        <p>
          Der Test basiert auf neuesten Forschungsergebnissen der Psychologie.
        </p>
      </li>
      <li>
        <h3>
          Schnell
        </h3>
        <p>
          Es dauert nur ca. 10 Minuten.
        </p>
      </li>
      <li>
        <h3>
          Sicher
        </h3>
        <p>
          Wir übermitteln keine Daten von Ihnen. Ihre Privatsphäre ist absolut sicher.
        </p>
      </li>
    </ul>
    <small
      class="Homepage__FinePrint-ye7llx-0 hBFnTz"
    >
      Hinweis: Dieser Test ersetzt keine psychologische Beratung. Wenn Sie unter psychischen Problemen leiden, suchen Sie sich bitte professionelle Hilfe.
    </small>
    <a
      class="FloatingButtonContainer__ButtonContainer-slkv4p-0 gXldTe"
      href="/motives/intro"
    >
      <button
        class="Button__BtnStyled-sc-129yfz5-0 fyEIpZ"
        width="100"
      >
        Test starten
      </button>
    </a>
    <div
      class="FloatingButtonContainer__BottomSpacer-slkv4p-1 hgDFeh"
    />
  </main>
</div>
`;
