// Jest Snapshot v1, https://goo.gl/fbAQLP

exports[`renders correctly 1`] = `
<div>
  <main>
    <img
      alt=""
      src="/img/mirror.svg"
    />
    <section
      class="sc-AxheI cDQGzf"
    >
      <h1>
        Entdecken Sie Ihren Persönlichkeitsstil!
      </h1>
      <svg
        class="sc-Axmtr ihTJXv"
      >
        underline.svg
      </svg>
    </section>
    <ul
      class="sc-fznyAO cedSGS"
    >
      <li>
        Lernen Sie sich selbst kennen, mit Ihren eigenen Stärken und Schwächen!
      </li>
      <li>
        Erhalten Sie wertvolle Tipps zum Umgang mit Ihren Mitmenschen, egal ob im Beruf oder in privaten Beziehungen!
      </li>
    </ul>
    <section
      class="sc-AxheI cDQGzf"
    >
      <h2>
        Unser Versprechen
      </h2>
      <svg
        class="sc-Axmtr ihTJXv"
      >
        underline.svg
      </svg>
    </section>
    <ul
      class="sc-fznyAO jtditX"
    >
      <li>
        <h3>
          Seriös
        </h3>
        <p>
          Der Test basiert auf neuesten Forschungsergebnissen der Psychologie.
        </p>
      </li>
      <li>
        <h3>
          Schnell
        </h3>
        <p>
          Es dauert nur ca. 10 Minuten.
        </p>
      </li>
      <li>
        <h3>
          Sicher
        </h3>
        <p>
          Wir übermitteln keine Daten von Ihnen. Ihre Privatsphäre ist absolut sicher.
        </p>
      </li>
    </ul>
    <small
      class="sc-fzoLag erNBrF"
    >
      Hinweis: Dieser Test ersetzt keine psychologische Beratung. Wenn Sie unter psychischen Problemen leiden, suchen Sie sich bitte professionelle Hilfe.
    </small>
    <a
      class="sc-fzqNJr iOfDHU"
      href="/motives/intro"
    >
      <button
        class="Button__BtnStyled-sc-129yfz5-0 fyEIpZ"
        width="100"
      >
        Test starten
      </button>
    </a>
    <div
      class="sc-fzoyAV cyPqNC"
    />
  </main>
</div>
`;
